scala> import scala.quoted._
scala> def assertImpl(expr: Expr[Boolean])(using qctx: QuoteContext) = '{ if !($expr) then throw new AssertionError("failed assertion")}
def assertImpl
  (expr: quoted.Expr[Boolean])
     (using qctx: quoted.QuoteContext): quoted.Expr[Unit]
scala>   inline def assert(expr: => Boolean): Unit =  ${ assertImpl('{expr}) }
def assert(expr: => Boolean): Unit

scala> assert(0 == 0)

scala> try assert(0 == 1) catch { case _: AssertionError => println("ok") }
ok
